╭─ DEPLOYMENT CONFIGURATION ───────────────╮
│                                          │
│  DEPLOYMENT PARAMETERS                   │
│                                          │
│  Name:                         test-app  │
│  Runtime:                      Cortex    │
│                                          │
╰──────────────────────────────────────────╯
                                            
Do you want to deploy? (Y/n):