✓  Loaded 0 files
✓  Zipped files (0 B)
✓  Created app (Build ID: build-123)
✓  Uploaded to Cerebrium
⠋  Building app...

╭────────────────────────────────────────────────────────────────────────────────────────────────────╮
│ Waiting for build logs...                                                                          │
│                                                                                                    │
│                                                                                                    │
╰────────────────────────────────────────────────────────────────────────────────────────────────────╯
 ctrl+c: cancel build | ctrl+l: hide logs