╭────────────────────────────────────────────────────────────────────────────────────────────────────╮
│ Waiting for logs...                                                                                │
│                                                                                                    │
│                                                                                                    │
╰────────────────────────────────────────────────────────────────────────────────────────────────────╯
 ctrl+c: exit