Apps 

 ID             Status           Last Updated                
─────────────────────────────────────────────────────────────
 app-2          Pending          2024-01-15 13:30:00         
 app-1          Active           2024-01-15 12:30:00         
 app-3          Failed           2024-01-15 11:30:00