Runs for test-app 

 Run ID                                  Function Name                                    Status           Created At                   Async         
──────────────────────────────────────────────────────────────────────────────────────────────────────────────────────────────────────────────────────
 run-with-very-long-id-12345678          very_long_function_name_that_might_wrap          success          2025-01-01 12:00:00          Yes           
 short-id                                fn                                               running          2025-01-01 11:00:00          No